// Jest Snapshot v1, https://goo.gl/fbAQLP

exports[`Evaluando el componente gifItem Hacer match con el snapshot 1`] = `
<div>
  <div
    class="card"
  >
    <img
      alt="Mono"
      src="https://mono.io"
    />
    <p>
      Mono
    </p>
  </div>
</div>
`;
